warning: The `UV_NATIVE_TLS` environment variable is deprecated and will be removed in a future release. Use `UV_SYSTEM_CERTS` instead.
Traceback (most recent call last):
  File "/tmp/jeff/.venv/lib/python3.13/site-packages/httpx/_transports/default.py", line 101, in map_httpcore_exceptions
    yield
  File "/tmp/jeff/.venv/lib/python3.13/site-packages/httpx/_transports/default.py", line 250, in handle_request
    resp = self._pool.handle_request(req)
  File "/tmp/jeff/.venv/lib/python3.13/site-packages/httpcore/_sync/connection_pool.py", line 256, in handle_request
    raise exc from None
  File "/tmp/jeff/.venv/lib/python3.13/site-packages/httpcore/_sync/connection_pool.py", line 236, in handle_request
    response = connection.handle_request(
        pool_request.request
    )
  File "/tmp/jeff/.venv/lib/python3.13/site-packages/httpcore/_sync/http_proxy.py", line 297, in handle_request
    raise ProxyError(msg)
httpcore.ProxyError: 403 Forbidden

The above exception was the direct cause of the following exception:

Traceback (most recent call last):
  File "/tmp/jeff/.venv/bin/hf", line 10, in <module>
    sys.exit(main())
             ~~~~^^
  File "/tmp/jeff/.venv/lib/python3.13/site-packages/huggingface_hub/cli/hf.py", line 133, in main
    app()
    ~~~^^
  File "/tmp/jeff/.venv/lib/python3.13/site-packages/click/core.py", line 1631, in __call__
    return self.main(*args, **kwargs)
           ~~~~~~~~~^^^^^^^^^^^^^^^^^
  File "/tmp/jeff/.venv/lib/python3.13/site-packages/click/core.py", line 1552, in main
    rv = self.invoke(ctx)
  File "/tmp/jeff/.venv/lib/python3.13/site-packages/huggingface_hub/cli/_cli_utils.py", line 131, in invoke
    return super().invoke(ctx)
           ~~~~~~~~~~~~~~^^^^^
  File "/tmp/jeff/.venv/lib/python3.13/site-packages/click/core.py", line 2032, in invoke
    return _process_result(sub_ctx.command.invoke(sub_ctx))
                           ~~~~~~~~~~~~~~~~~~~~~~^^^^^^^^^
  File "/tmp/jeff/.venv/lib/python3.13/site-packages/click/core.py", line 1415, in invoke
    return ctx.invoke(self.callback, **ctx.params)
           ~~~~~~~~~~^^^^^^^^^^^^^^^^^^^^^^^^^^^^^
  File "/tmp/jeff/.venv/lib/python3.13/site-packages/click/core.py", line 910, in invoke
    return callback(*args, **kwargs)
  File "/tmp/jeff/.venv/lib/python3.13/site-packages/huggingface_hub/cli/_framework.py", line 365, in handler
    return func(**call_kwargs)
  File "/tmp/jeff/.venv/lib/python3.13/site-packages/huggingface_hub/cli/download.py", line 228, in download
    _print_result(run_download())
                  ~~~~~~~~~~~~^^
  File "/tmp/jeff/.venv/lib/python3.13/site-packages/huggingface_hub/cli/download.py", line 187, in run_download
    return snapshot_download(
        repo_id=repo_id,
    ...<10 lines>...
        dry_run=dry_run,
    )
  File "/tmp/jeff/.venv/lib/python3.13/site-packages/huggingface_hub/utils/_validators.py", line 88, in _inner_fn
    return fn(*args, **kwargs)
  File "/tmp/jeff/.venv/lib/python3.13/site-packages/huggingface_hub/_snapshot_download.py", line 274, in snapshot_download
    repo_info = api.repo_info(repo_id=repo_id, repo_type=repo_type, revision=revision)
  File "/tmp/jeff/.venv/lib/python3.13/site-packages/huggingface_hub/utils/_validators.py", line 88, in _inner_fn
    return fn(*args, **kwargs)
  File "/tmp/jeff/.venv/lib/python3.13/site-packages/huggingface_hub/hf_api.py", line 3664, in repo_info
    return method(
        repo_id,
    ...<4 lines>...
        files_metadata=files_metadata,
    )
  File "/tmp/jeff/.venv/lib/python3.13/site-packages/huggingface_hub/utils/_validators.py", line 88, in _inner_fn
    return fn(*args, **kwargs)
  File "/tmp/jeff/.venv/lib/python3.13/site-packages/huggingface_hub/hf_api.py", line 3343, in model_info
    r = get_session().get(path, headers=headers, timeout=timeout, params=params)
  File "/tmp/jeff/.venv/lib/python3.13/site-packages/httpx/_client.py", line 1053, in get
    return self.request(
           ~~~~~~~~~~~~^
        "GET",
        ^^^^^^
    ...<7 lines>...
        extensions=extensions,
        ^^^^^^^^^^^^^^^^^^^^^^
    )
    ^
  File "/tmp/jeff/.venv/lib/python3.13/site-packages/httpx/_client.py", line 825, in request
    return self.send(request, auth=auth, follow_redirects=follow_redirects)
           ~~~~~~~~~^^^^^^^^^^^^^^^^^^^^^^^^^^^^^^^^^^^^^^^^^^^^^^^^^^^^^^^
  File "/tmp/jeff/.venv/lib/python3.13/site-packages/httpx/_client.py", line 914, in send
    response = self._send_handling_auth(
        request,
    ...<2 lines>...
        history=[],
    )
  File "/tmp/jeff/.venv/lib/python3.13/site-packages/httpx/_client.py", line 942, in _send_handling_auth
    response = self._send_handling_redirects(
        request,
        follow_redirects=follow_redirects,
        history=history,
    )
  File "/tmp/jeff/.venv/lib/python3.13/site-packages/httpx/_client.py", line 979, in _send_handling_redirects
    response = self._send_single_request(request)
  File "/tmp/jeff/.venv/lib/python3.13/site-packages/httpx/_client.py", line 1014, in _send_single_request
    response = transport.handle_request(request)
  File "/tmp/jeff/.venv/lib/python3.13/site-packages/httpx/_transports/default.py", line 249, in handle_request
    with map_httpcore_exceptions():
         ~~~~~~~~~~~~~~~~~~~~~~~^^
  File "/usr/lib/python3.13/contextlib.py", line 162, in __exit__
    self.gen.throw(value)
    ~~~~~~~~~~~~~~^^^^^^^
  File "/tmp/jeff/.venv/lib/python3.13/site-packages/httpx/_transports/default.py", line 118, in map_httpcore_exceptions
    raise mapped_exc(message) from exc
httpx.ProxyError: 403 Forbidden
