=== section 1: versions ===
torch        2.11.0+cu128
transformers 5.18.0
peft         0.21.2
bitsandbytes 0.50.2
soup_cli     0.75.0

=== section 2: GPU / bf16 ===
GPU                   NVIDIA GeForce RTX 5060 Ti  (sm_120)
VRAM                  17.1 GB
bf16, incl. emulation True
bf16 IN HARDWARE      True
Soup will train in    bf16

=== section 3: cap this process to 4 GB ===
capped at 4.00 GB  (fraction 0.234 of this card)
refused, as it should be: CUDA out of memory. Tried to allocate 4.29 GiB. GPU 0 has a total capacity of 15.93 GiB of

=== section 4: streamed == resident, bit for bit ===
Fetching 11 files:   0%|          | 0/11 [00:00<?, ?it/s]Warning: You are sending unauthenticated requests to the HF Hub. Please set a HF_TOKEN to enable higher rate limits and faster downloads.
Fetching 11 files:   9%|▉         | 1/11 [00:00<00:05,  1.88it/s]Fetching 11 files:  36%|███▋      | 4/11 [00:00<00:00,  7.75it/s]Fetching 11 files:  73%|███████▎  | 8/11 [00:01<00:00,  8.96it/s]Fetching 11 files:  91%|█████████ | 10/11 [00:01<00:00, 10.55it/s]Fetching 11 files: 100%|██████████| 11/11 [00:06<00:00,  1.82it/s]
[transformers] `torch_dtype` is deprecated! Use `dtype` instead!
streamed: 30 layers, dtype=bfloat16
Loading weights:   0%|          | 0/272 [00:00<?, ?it/s]Loading weights:  57%|█████▋    | 155/272 [00:00<00:00, 1545.58it/s]Loading weights: 100%|██████████| 272/272 [00:00<00:00, 2066.39it/s]
/home/matsu/soup-venv/lib/python3.12/site-packages/peft/mapping_func.py:154: UserWarning: The PEFT config's `base_model_name_or_path` was renamed from '/home/matsu/.soup/spectrum/weights/HuggingFaceTB__SmolLM2-135M-Instruct' to 'HuggingFaceTB/SmolLM2-135M-Instruct'. Please ensure that the correct base model is loaded when loading this checkpoint.
  warnings.warn(
Traceback (most recent call last):
  File "/home/matsu/workspace/ai-100days/experiments/day-005/sections_1to4.py", line 78, in <module>
    resident.load_state_dict(streamed.state_dict(), strict=False)
  File "/home/matsu/soup-venv/lib/python3.12/site-packages/torch/nn/modules/module.py", line 2639, in load_state_dict
    raise RuntimeError(
RuntimeError: Error(s) in loading state_dict for PeftModelForCausalLM:
	While copying the parameter named "base_model.model.model.layers.0.self_attn.q_proj.base_layer.weight", whose dimensions in the model are torch.Size([576, 576]) and whose dimensions in the checkpoint are torch.Size([576, 576]), an exception occurred : ('Cannot copy out of meta tensor; no data!',).
	While copying the parameter named "base_model.model.model.layers.0.self_attn.k_proj.weight", whose dimensions in the model are torch.Size([192, 576]) and whose dimensions in the checkpoint are torch.Size([192, 576]), an exception occurred : ('Cannot copy out of meta tensor; no data!',).
	While copying the parameter named "base_model.model.model.layers.0.self_attn.v_proj.base_layer.weight", whose dimensions in the model are torch.Size([192, 576]) and whose dimensions in the checkpoint are torch.Size([192, 576]), an exception occurred : ('Cannot copy out of meta tensor; no data!',).
	While copying the parameter named "base_model.model.model.layers.0.self_attn.o_proj.weight", whose dimensions in the model are torch.Size([576, 576]) and whose dimensions in the checkpoint are torch.Size([576, 576]), an exception occurred : ('Cannot copy out of meta tensor; no data!',).
	While copying the parameter named "base_model.model.model.layers.0.mlp.gate_proj.weight", whose dimensions in the model are torch.Size([1536, 576]) and whose dimensions in the checkpoint are torch.Size([1536, 576]), an exception occurred : ('Cannot copy out of meta tensor; no data!',).
	While copying the parameter named "base_model.model.model.layers.0.mlp.up_proj.weight", whose dimensions in the model are torch.Size([1536, 576]) and whose dimensions in the checkpoint are torch.Size([1536, 576]), an exception occurred : ('Cannot copy out of meta tensor; no data!',).
	While copying the parameter named "base_model.model.model.layers.0.mlp.down_proj.weight", whose dimensions in the model are torch.Size([576, 1536]) and whose dimensions in the checkpoint are torch.Size([576, 1536]), an exception occurred : ('Cannot copy out of meta tensor; no data!',).
	While copying the parameter named "base_model.model.model.layers.0.input_layernorm.weight", whose dimensions in the model are torch.Size([576]) and whose dimensions in the checkpoint are torch.Size([576]), an exception occurred : ('Cannot copy out of meta tensor; no data!',).
	While copying the parameter named "base_model.model.model.layers.0.post_attention_layernorm.weight", whose dimensions in the model are torch.Size([576]) and whose dimensions in the checkpoint are torch.Size([576]), an exception occurred : ('Cannot copy out of meta tensor; no data!',).
	While copying the parameter named "base_model.model.model.layers.1.self_attn.q_proj.base_layer.weight", whose dimensions in the model are torch.Size([576, 576]) and whose dimensions in the checkpoint are torch.Size([576, 576]), an exception occurred : ('Cannot copy out of meta tensor; no data!',).
	While copying the parameter named "base_model.model.model.layers.1.self_attn.k_proj.weight", whose dimensions in the model are torch.Size([192, 576]) and whose dimensions in the checkpoint are torch.Size([192, 576]), an exception occurred : ('Cannot copy out of meta tensor; no data!',).
	While copying the parameter named "base_model.model.model.layers.1.self_attn.v_proj.base_layer.weight", whose dimensions in the model are torch.Size([192, 576]) and whose dimensions in the checkpoint are torch.Size([192, 576]), an exception occurred : ('Cannot copy out of meta tensor; no data!',).
	While copying the parameter named "base_model.model.model.layers.1.self_attn.o_proj.weight", whose dimensions in the model are torch.Size([576, 576]) and whose dimensions in the checkpoint are torch.Size([576, 576]), an exception occurred : ('Cannot copy out of meta tensor; no data!',).
	While copying the parameter named "base_model.model.model.layers.1.mlp.gate_proj.weight", whose dimensions in the model are torch.Size([1536, 576]) and whose dimensions in the checkpoint are torch.Size([1536, 576]), an exception occurred : ('Cannot copy out of meta tensor; no data!',).
	While copying the parameter named "base_model.model.model.layers.1.mlp.up_proj.weight", whose dimensions in the model are torch.Size([1536, 576]) and whose dimensions in the checkpoint are torch.Size([1536, 576]), an exception occurred : ('Cannot copy out of meta tensor; no data!',).
	While copying the parameter named "base_model.model.model.layers.1.mlp.down_proj.weight", whose dimensions in the model are torch.Size([576, 1536]) and whose dimensions in the checkpoint are torch.Size([576, 1536]), an exception occurred : ('Cannot copy out of meta tensor; no data!',).
	While copying the parameter named "base_model.model.model.layers.1.input_layernorm.weight", whose dimensions in the model are torch.Size([576]) and whose dimensions in the checkpoint are torch.Size([576]), an exception occurred : ('Cannot copy out of meta tensor; no data!',).
	While copying the parameter named "base_model.model.model.layers.1.post_attention_layernorm.weight", whose dimensions in the model are torch.Size([576]) and whose dimensions in the checkpoint are torch.Size([576]), an exception occurred : ('Cannot copy out of meta tensor; no data!',).
	While copying the parameter named "base_model.model.model.layers.2.self_attn.q_proj.base_layer.weight", whose dimensions in the model are torch.Size([576, 576]) and whose dimensions in the checkpoint are torch.Size([576, 576]), an exception occurred : ('Cannot copy out of meta tensor; no data!',).
	While copying the parameter named "base_model.model.model.layers.2.self_attn.k_proj.weight", whose dimensions in the model are torch.Size([192, 576]) and whose dimensions in the checkpoint are torch.Size([192, 576]), an exception occurred : ('Cannot copy out of meta tensor; no data!',).
	While copying the parameter named "base_model.model.model.layers.2.self_attn.v_proj.base_layer.weight", whose dimensions in the model are torch.Size([192, 576]) and whose dimensions in the checkpoint are torch.Size([192, 576]), an exception occurred : ('Cannot copy out of meta tensor; no data!',).
	While copying the parameter named "base_model.model.model.layers.2.self_attn.o_proj.weight", whose dimensions in the model are torch.Size([576, 576]) and whose dimensions in the checkpoint are torch.Size([576, 576]), an exception occurred : ('Cannot copy out of meta tensor; no data!',).
	While copying the parameter named "base_model.model.model.layers.2.mlp.gate_proj.weight", whose dimensions in the model are torch.Size([1536, 576]) and whose dimensions in the checkpoint are torch.Size([1536, 576]), an exception occurred : ('Cannot copy out of meta tensor; no data!',).
	While copying the parameter named "base_model.model.model.layers.2.mlp.up_proj.weight", whose dimensions in the model are torch.Size([1536, 576]) and whose dimensions in the checkpoint are torch.Size([1536, 576]), an exception occurred : ('Cannot copy out of meta tensor; no data!',).
	While copying the parameter named "base_model.model.model.layers.2.mlp.down_proj.weight", whose dimensions in the model are torch.Size([576, 1536]) and whose dimensions in the checkpoint are torch.Size([576, 1536]), an exception occurred : ('Cannot copy out of meta tensor; no data!',).
	While copying the parameter named "base_model.model.model.layers.2.input_layernorm.weight", whose dimensions in the model are torch.Size([576]) and whose dimensions in the checkpoint are torch.Size([576]), an exception occurred : ('Cannot copy out of meta tensor; no data!',).
	While copying the parameter named "base_model.model.model.layers.2.post_attention_layernorm.weight", whose dimensions in the model are torch.Size([576]) and whose dimensions in the checkpoint are torch.Size([576]), an exception occurred : ('Cannot copy out of meta tensor; no data!',).
	While copying the parameter named "base_model.model.model.layers.3.self_attn.q_proj.base_layer.weight", whose dimensions in the model are torch.Size([576, 576]) and whose dimensions in the checkpoint are torch.Size([576, 576]), an exception occurred : ('Cannot copy out of meta tensor; no data!',).
	While copying the parameter named "base_model.model.model.layers.3.self_attn.k_proj.weight", whose dimensions in the model are torch.Size([192, 576]) and whose dimensions in the checkpoint are torch.Size([192, 576]), an exception occurred : ('Cannot copy out of meta tensor; no data!',).
	While copying the parameter named "base_model.model.model.layers.3.self_attn.v_proj.base_layer.weight", whose dimensions in the model are torch.Size([192, 576]) and whose dimensions in the checkpoint are torch.Size([192, 576]), an exception occurred : ('Cannot copy out of meta tensor; no data!',).
	While copying the parameter named "base_model.model.model.layers.3.self_attn.o_proj.weight", whose dimensions in the model are torch.Size([576, 576]) and whose dimensions in the checkpoint are torch.Size([576, 576]), an exception occurred : ('Cannot copy out of meta tensor; no data!',).
	While copying the parameter named "base_model.model.model.layers.3.mlp.gate_proj.weight", whose dimensions in the model are torch.Size([1536, 576]) and whose dimensions in the checkpoint are torch.Size([1536, 576]), an exception occurred : ('Cannot copy out of meta tensor; no data!',).
	While copying the parameter named "base_model.model.model.layers.3.mlp.up_proj.weight", whose dimensions in the model are torch.Size([1536, 576]) and whose dimensions in the checkpoint are torch.Size([1536, 576]), an exception occurred : ('Cannot copy out of meta tensor; no data!',).
	While copying the parameter named "base_model.model.model.layers.3.mlp.down_proj.weight", whose dimensions in the model are torch.Size([576, 1536]) and whose dimensions in the checkpoint are torch.Size([576, 1536]), an exception occurred : ('Cannot copy out of meta tensor; no data!',).
	While copying the parameter named "base_model.model.model.layers.3.input_layernorm.weight", whose dimensions in the model are torch.Size([576]) and whose dimensions in the checkpoint are torch.Size([576]), an exception occurred : ('Cannot copy out of meta tensor; no data!',).
	While copying the parameter named "base_model.model.model.layers.3.post_attention_layernorm.weight", whose dimensions in the model are torch.Size([576]) and whose dimensions in the checkpoint are torch.Size([576]), an exception occurred : ('Cannot copy out of meta tensor; no data!',).
	While copying the parameter named "base_model.model.model.layers.4.self_attn.q_proj.base_layer.weight", whose dimensions in the model are torch.Size([576, 576]) and whose dimensions in the checkpoint are torch.Size([576, 576]), an exception occurred : ('Cannot copy out of meta tensor; no data!',).
	While copying the parameter named "base_model.model.model.layers.4.self_attn.k_proj.weight", whose dimensions in the model are torch.Size([192, 576]) and whose dimensions in the checkpoint are torch.Size([192, 576]), an exception occurred : ('Cannot copy out of meta tensor; no data!',).
	While copying the parameter named "base_model.model.model.layers.4.self_attn.v_proj.base_layer.weight", whose dimensions in the model are torch.Size([192, 576]) and whose dimensions in the checkpoint are torch.Size([192, 576]), an exception occurred : ('Cannot copy out of meta tensor; no data!',).
	While copying the parameter named "base_model.model.model.layers.4.self_attn.o_proj.weight", whose dimensions in the model are torch.Size([576, 576]) and whose dimensions in the checkpoint are torch.Size([576, 576]), an exception occurred : ('Cannot copy out of meta tensor; no data!',).
	While copying the parameter named "base_model.model.model.layers.4.mlp.gate_proj.weight", whose dimensions in the model are torch.Size([1536, 576]) and whose dimensions in the checkpoint are torch.Size([1536, 576]), an exception occurred : ('Cannot copy out of meta tensor; no data!',).
	While copying the parameter named "base_model.model.model.layers.4.mlp.up_proj.weight", whose dimensions in the model are torch.Size([1536, 576]) and whose dimensions in the checkpoint are torch.Size([1536, 576]), an exception occurred : ('Cannot copy out of meta tensor; no data!',).
	While copying the parameter named "base_model.model.model.layers.4.mlp.down_proj.weight", whose dimensions in the model are torch.Size([576, 1536]) and whose dimensions in the checkpoint are torch.Size([576, 1536]), an exception occurred : ('Cannot copy out of meta tensor; no data!',).
	While copying the parameter named "base_model.model.model.layers.4.input_layernorm.weight", whose dimensions in the model are torch.Size([576]) and whose dimensions in the checkpoint are torch.Size([576]), an exception occurred : ('Cannot copy out of meta tensor; no data!',).
	While copying the parameter named "base_model.model.model.layers.4.post_attention_layernorm.weight", whose dimensions in the model are torch.Size([576]) and whose dimensions in the checkpoint are torch.Size([576]), an exception occurred : ('Cannot copy out of meta tensor; no data!',).
	While copying the parameter named "base_model.model.model.layers.5.self_attn.q_proj.base_layer.weight", whose dimensions in the model are torch.Size([576, 576]) and whose dimensions in the checkpoint are torch.Size([576, 576]), an exception occurred : ('Cannot copy out of meta tensor; no data!',).
	While copying the parameter named "base_model.model.model.layers.5.self_attn.k_proj.weight", whose dimensions in the model are torch.Size([192, 576]) and whose dimensions in the checkpoint are torch.Size([192, 576]), an exception occurred : ('Cannot copy out of meta tensor; no data!',).
	While copying the parameter named "base_model.model.model.layers.5.self_attn.v_proj.base_layer.weight", whose dimensions in the model are torch.Size([192, 576]) and whose dimensions in the checkpoint are torch.Size([192, 576]), an exception occurred : ('Cannot copy out of meta tensor; no data!',).
	While copying the parameter named "base_model.model.model.layers.5.self_attn.o_proj.weight", whose dimensions in the model are torch.Size([576, 576]) and whose dimensions in the checkpoint are torch.Size([576, 576]), an exception occurred : ('Cannot copy out of meta tensor; no data!',).
	While copying the parameter named "base_model.model.model.layers.5.mlp.gate_proj.weight", whose dimensions in the model are torch.Size([1536, 576]) and whose dimensions in the checkpoint are torch.Size([1536, 576]), an exception occurred : ('Cannot copy out of meta tensor; no data!',).
	While copying the parameter named "base_model.model.model.layers.5.mlp.up_proj.weight", whose dimensions in the model are torch.Size([1536, 576]) and whose dimensions in the checkpoint are torch.Size([1536, 576]), an exception occurred : ('Cannot copy out of meta tensor; no data!',).
	While copying the parameter named "base_model.model.model.layers.5.mlp.down_proj.weight", whose dimensions in the model are torch.Size([576, 1536]) and whose dimensions in the checkpoint are torch.Size([576, 1536]), an exception occurred : ('Cannot copy out of meta tensor; no data!',).
	While copying the parameter named "base_model.model.model.layers.5.input_layernorm.weight", whose dimensions in the model are torch.Size([576]) and whose dimensions in the checkpoint are torch.Size([576]), an exception occurred : ('Cannot copy out of meta tensor; no data!',).
	While copying the parameter named "base_model.model.model.layers.5.post_attention_layernorm.weight", whose dimensions in the model are torch.Size([576]) and whose dimensions in the checkpoint are torch.Size([576]), an exception occurred : ('Cannot copy out of meta tensor; no data!',).
	While copying the parameter named "base_model.model.model.layers.6.self_attn.q_proj.base_layer.weight", whose dimensions in the model are torch.Size([576, 576]) and whose dimensions in the checkpoint are torch.Size([576, 576]), an exception occurred : ('Cannot copy out of meta tensor; no data!',).
	While copying the parameter named "base_model.model.model.layers.6.self_attn.k_proj.weight", whose dimensions in the model are torch.Size([192, 576]) and whose dimensions in the checkpoint are torch.Size([192, 576]), an exception occurred : ('Cannot copy out of meta tensor; no data!',).
	While copying the parameter named "base_model.model.model.layers.6.self_attn.v_proj.base_layer.weight", whose dimensions in the model are torch.Size([192, 576]) and whose dimensions in the checkpoint are torch.Size([192, 576]), an exception occurred : ('Cannot copy out of meta tensor; no data!',).
	While copying the parameter named "base_model.model.model.layers.6.self_attn.o_proj.weight", whose dimensions in the model are torch.Size([576, 576]) and whose dimensions in the checkpoint are torch.Size([576, 576]), an exception occurred : ('Cannot copy out of meta tensor; no data!',).
	While copying the parameter named "base_model.model.model.layers.6.mlp.gate_proj.weight", whose dimensions in the model are torch.Size([1536, 576]) and whose dimensions in the checkpoint are torch.Size([1536, 576]), an exception occurred : ('Cannot copy out of meta tensor; no data!',).
	While copying the parameter named "base_model.model.model.layers.6.mlp.up_proj.weight", whose dimensions in the model are torch.Size([1536, 576]) and whose dimensions in the checkpoint are torch.Size([1536, 576]), an exception occurred : ('Cannot copy out of meta tensor; no data!',).
	While copying the parameter named "base_model.model.model.layers.6.mlp.down_proj.weight", whose dimensions in the model are torch.Size([576, 1536]) and whose dimensions in the checkpoint are torch.Size([576, 1536]), an exception occurred : ('Cannot copy out of meta tensor; no data!',).
	While copying the parameter named "base_model.model.model.layers.6.input_layernorm.weight", whose dimensions in the model are torch.Size([576]) and whose dimensions in the checkpoint are torch.Size([576]), an exception occurred : ('Cannot copy out of meta tensor; no data!',).
	While copying the parameter named "base_model.model.model.layers.6.post_attention_layernorm.weight", whose dimensions in the model are torch.Size([576]) and whose dimensions in the checkpoint are torch.Size([576]), an exception occurred : ('Cannot copy out of meta tensor; no data!',).
	While copying the parameter named "base_model.model.model.layers.7.self_attn.q_proj.base_layer.weight", whose dimensions in the model are torch.Size([576, 576]) and whose dimensions in the checkpoint are torch.Size([576, 576]), an exception occurred : ('Cannot copy out of meta tensor; no data!',).
	While copying the parameter named "base_model.model.model.layers.7.self_attn.k_proj.weight", whose dimensions in the model are torch.Size([192, 576]) and whose dimensions in the checkpoint are torch.Size([192, 576]), an exception occurred : ('Cannot copy out of meta tensor; no data!',).
	While copying the parameter named "base_model.model.model.layers.7.self_attn.v_proj.base_layer.weight", whose dimensions in the model are torch.Size([192, 576]) and whose dimensions in the checkpoint are torch.Size([192, 576]), an exception occurred : ('Cannot copy out of meta tensor; no data!',).
	While copying the parameter named "base_model.model.model.layers.7.self_attn.o_proj.weight", whose dimensions in the model are torch.Size([576, 576]) and whose dimensions in the checkpoint are torch.Size([576, 576]), an exception occurred : ('Cannot copy out of meta tensor; no data!',).
	While copying the parameter named "base_model.model.model.layers.7.mlp.gate_proj.weight", whose dimensions in the model are torch.Size([1536, 576]) and whose dimensions in the checkpoint are torch.Size([1536, 576]), an exception occurred : ('Cannot copy out of meta tensor; no data!',).
	While copying the parameter named "base_model.model.model.layers.7.mlp.up_proj.weight", whose dimensions in the model are torch.Size([1536, 576]) and whose dimensions in the checkpoint are torch.Size([1536, 576]), an exception occurred : ('Cannot copy out of meta tensor; no data!',).
	While copying the parameter named "base_model.model.model.layers.7.mlp.down_proj.weight", whose dimensions in the model are torch.Size([576, 1536]) and whose dimensions in the checkpoint are torch.Size([576, 1536]), an exception occurred : ('Cannot copy out of meta tensor; no data!',).
	While copying the parameter named "base_model.model.model.layers.7.input_layernorm.weight", whose dimensions in the model are torch.Size([576]) and whose dimensions in the checkpoint are torch.Size([576]), an exception occurred : ('Cannot copy out of meta tensor; no data!',).
	While copying the parameter named "base_model.model.model.layers.7.post_attention_layernorm.weight", whose dimensions in the model are torch.Size([576]) and whose dimensions in the checkpoint are torch.Size([576]), an exception occurred : ('Cannot copy out of meta tensor; no data!',).
	While copying the parameter named "base_model.model.model.layers.8.self_attn.q_proj.base_layer.weight", whose dimensions in the model are torch.Size([576, 576]) and whose dimensions in the checkpoint are torch.Size([576, 576]), an exception occurred : ('Cannot copy out of meta tensor; no data!',).
	While copying the parameter named "base_model.model.model.layers.8.self_attn.k_proj.weight", whose dimensions in the model are torch.Size([192, 576]) and whose dimensions in the checkpoint are torch.Size([192, 576]), an exception occurred : ('Cannot copy out of meta tensor; no data!',).
	While copying the parameter named "base_model.model.model.layers.8.self_attn.v_proj.base_layer.weight", whose dimensions in the model are torch.Size([192, 576]) and whose dimensions in the checkpoint are torch.Size([192, 576]), an exception occurred : ('Cannot copy out of meta tensor; no data!',).
	While copying the parameter named "base_model.model.model.layers.8.self_attn.o_proj.weight", whose dimensions in the model are torch.Size([576, 576]) and whose dimensions in the checkpoint are torch.Size([576, 576]), an exception occurred : ('Cannot copy out of meta tensor; no data!',).
	While copying the parameter named "base_model.model.model.layers.8.mlp.gate_proj.weight", whose dimensions in the model are torch.Size([1536, 576]) and whose dimensions in the checkpoint are torch.Size([1536, 576]), an exception occurred : ('Cannot copy out of meta tensor; no data!',).
	While copying the parameter named "base_model.model.model.layers.8.mlp.up_proj.weight", whose dimensions in the model are torch.Size([1536, 576]) and whose dimensions in the checkpoint are torch.Size([1536, 576]), an exception occurred : ('Cannot copy out of meta tensor; no data!',).
	While copying the parameter named "base_model.model.model.layers.8.mlp.down_proj.weight", whose dimensions in the model are torch.Size([576, 1536]) and whose dimensions in the checkpoint are torch.Size([576, 1536]), an exception occurred : ('Cannot copy out of meta tensor; no data!',).
	While copying the parameter named "base_model.model.model.layers.8.input_layernorm.weight", whose dimensions in the model are torch.Size([576]) and whose dimensions in the checkpoint are torch.Size([576]), an exception occurred : ('Cannot copy out of meta tensor; no data!',).
	While copying the parameter named "base_model.model.model.layers.8.post_attention_layernorm.weight", whose dimensions in the model are torch.Size([576]) and whose dimensions in the checkpoint are torch.Size([576]), an exception occurred : ('Cannot copy out of meta tensor; no data!',).
	While copying the parameter named "base_model.model.model.layers.9.self_attn.q_proj.base_layer.weight", whose dimensions in the model are torch.Size([576, 576]) and whose dimensions in the checkpoint are torch.Size([576, 576]), an exception occurred : ('Cannot copy out of meta tensor; no data!',).
	While copying the parameter named "base_model.model.model.layers.9.self_attn.k_proj.weight", whose dimensions in the model are torch.Size([192, 576]) and whose dimensions in the checkpoint are torch.Size([192, 576]), an exception occurred : ('Cannot copy out of meta tensor; no data!',).
	While copying the parameter named "base_model.model.model.layers.9.self_attn.v_proj.base_layer.weight", whose dimensions in the model are torch.Size([192, 576]) and whose dimensions in the checkpoint are torch.Size([192, 576]), an exception occurred : ('Cannot copy out of meta tensor; no data!',).
	While copying the parameter named "base_model.model.model.layers.9.self_attn.o_proj.weight", whose dimensions in the model are torch.Size([576, 576]) and whose dimensions in the checkpoint are torch.Size([576, 576]), an exception occurred : ('Cannot copy out of meta tensor; no data!',).
	While copying the parameter named "base_model.model.model.layers.9.mlp.gate_proj.weight", whose dimensions in the model are torch.Size([1536, 576]) and whose dimensions in the checkpoint are torch.Size([1536, 576]), an exception occurred : ('Cannot copy out of meta tensor; no data!',).
	While copying the parameter named "base_model.model.model.layers.9.mlp.up_proj.weight", whose dimensions in the model are torch.Size([1536, 576]) and whose dimensions in the checkpoint are torch.Size([1536, 576]), an exception occurred : ('Cannot copy out of meta tensor; no data!',).
	While copying the parameter named "base_model.model.model.layers.9.mlp.down_proj.weight", whose dimensions in the model are torch.Size([576, 1536]) and whose dimensions in the checkpoint are torch.Size([576, 1536]), an exception occurred : ('Cannot copy out of meta tensor; no data!',).
	While copying the parameter named "base_model.model.model.layers.9.input_layernorm.weight", whose dimensions in the model are torch.Size([576]) and whose dimensions in the checkpoint are torch.Size([576]), an exception occurred : ('Cannot copy out of meta tensor; no data!',).
	While copying the parameter named "base_model.model.model.layers.9.post_attention_layernorm.weight", whose dimensions in the model are torch.Size([576]) and whose dimensions in the checkpoint are torch.Size([576]), an exception occurred : ('Cannot copy out of meta tensor; no data!',).
	While copying the parameter named "base_model.model.model.layers.10.self_attn.q_proj.base_layer.weight", whose dimensions in the model are torch.Size([576, 576]) and whose dimensions in the checkpoint are torch.Size([576, 576]), an exception occurred : ('Cannot copy out of meta tensor; no data!',).
	While copying the parameter named "base_model.model.model.layers.10.self_attn.k_proj.weight", whose dimensions in the model are torch.Size([192, 576]) and whose dimensions in the checkpoint are torch.Size([192, 576]), an exception occurred : ('Cannot copy out of meta tensor; no data!',).
	While copying the parameter named "base_model.model.model.layers.10.self_attn.v_proj.base_layer.weight", whose dimensions in the model are torch.Size([192, 576]) and whose dimensions in the checkpoint are torch.Size([192, 576]), an exception occurred : ('Cannot copy out of meta tensor; no data!',).
	While copying the parameter named "base_model.model.model.layers.10.self_attn.o_proj.weight", whose dimensions in the model are torch.Size([576, 576]) and whose dimensions in the checkpoint are torch.Size([576, 576]), an exception occurred : ('Cannot copy out of meta tensor; no data!',).
	While copying the parameter named "base_model.model.model.layers.10.mlp.gate_proj.weight", whose dimensions in the model are torch.Size([1536, 576]) and whose dimensions in the checkpoint are torch.Size([1536, 576]), an exception occurred : ('Cannot copy out of meta tensor; no data!',).
	While copying the parameter named "base_model.model.model.layers.10.mlp.up_proj.weight", whose dimensions in the model are torch.Size([1536, 576]) and whose dimensions in the checkpoint are torch.Size([1536, 576]), an exception occurred : ('Cannot copy out of meta tensor; no data!',).
	While copying the parameter named "base_model.model.model.layers.10.mlp.down_proj.weight", whose dimensions in the model are torch.Size([576, 1536]) and whose dimensions in the checkpoint are torch.Size([576, 1536]), an exception occurred : ('Cannot copy out of meta tensor; no data!',).
	While copying the parameter named "base_model.model.model.layers.10.input_layernorm.weight", whose dimensions in the model are torch.Size([576]) and whose dimensions in the checkpoint are torch.Size([576]), an exception occurred : ('Cannot copy out of meta tensor; no data!',).
	While copying the parameter named "base_model.model.model.layers.10.post_attention_layernorm.weight", whose dimensions in the model are torch.Size([576]) and whose dimensions in the checkpoint are torch.Size([576]), an exception occurred : ('Cannot copy out of meta tensor; no data!',).
	While copying the parameter named "base_model.model.model.layers.11.self_attn.q_proj.base_layer.weight", whose dimensions in the model are torch.Size([576, 576]) and whose dimensions in the checkpoint are torch.Size([576, 576]), an exception occurred : ('Cannot copy out of meta tensor; no data!',).
	While copying the parameter named "base_model.model.model.layers.11.self_attn.k_proj.weight", whose dimensions in the model are torch.Size([192, 576]) and whose dimensions in the checkpoint are torch.Size([192, 576]), an exception occurred : ('Cannot copy out of meta tensor; no data!',).
	While copying the parameter named "base_model.model.model.layers.11.self_attn.v_proj.base_layer.weight", whose dimensions in the model are torch.Size([192, 576]) and whose dimensions in the checkpoint are torch.Size([192, 576]), an exception occurred : ('Cannot copy out of meta tensor; no data!',).
	While copying the parameter named "base_model.model.model.layers.11.self_attn.o_proj.weight", whose dimensions in the model are torch.Size([576, 576]) and whose dimensions in the checkpoint are torch.Size([576, 576]), an exception occurred : ('Cannot copy out of meta tensor; no data!',).
	While copying the parameter named "base_model.model.model.layers.11.mlp.gate_proj.weight", whose dimensions in the model are torch.Size([1536, 576]) and whose dimensions in the checkpoint are torch.Size([1536, 576]), an exception occurred : ('Cannot copy out of meta tensor; no data!',).
	While copying the parameter named "base_model.model.model.layers.11.mlp.up_proj.weight", whose dimensions in the model are torch.Size([1536, 576]) and whose dimensions in the checkpoint are torch.Size([1536, 576]), an exception occurred : ('Cannot copy out of meta tensor; no data!',).
	While copying the parameter named "base_model.model.model.layers.11.mlp.down_proj.weight", whose dimensions in the model are torch.Size([576, 1536]) and whose dimensions in the checkpoint are torch.Size([576, 1536]), an exception occurred : ('Cannot copy out of meta tensor; no data!',).
	While copying the parameter named "base_model.model.model.layers.11.input_layernorm.weight", whose dimensions in the model are torch.Size([576]) and whose dimensions in the checkpoint are torch.Size([576]), an exception occurred : ('Cannot copy out of meta tensor; no data!',).
	While copying the parameter named "base_model.model.model.layers.11.post_attention_layernorm.weight", whose dimensions in the model are torch.Size([576]) and whose dimensions in the checkpoint are torch.Size([576]), an exception occurred : ('Cannot copy out of meta tensor; no data!',).
	While copying the parameter named "base_model.model.model.layers.12.self_attn.q_proj.base_layer.weight", whose dimensions in the model are torch.Size([576, 576]) and whose dimensions in the checkpoint are torch.Size([576, 576]), an exception occurred : ('Cannot copy out of meta tensor; no data!',).
	While copying the parameter named "base_model.model.model.layers.12.self_attn.k_proj.weight", whose dimensions in the model are torch.Size([192, 576]) and whose dimensions in the checkpoint are torch.Size([192, 576]), an exception occurred : ('Cannot copy out of meta tensor; no data!',).
	While copying the parameter named "base_model.model.model.layers.12.self_attn.v_proj.base_layer.weight", whose dimensions in the model are torch.Size([192, 576]) and whose dimensions in the checkpoint are torch.Size([192, 576]), an exception occurred : ('Cannot copy out of meta tensor; no data!',).
	While copying the parameter named "base_model.model.model.layers.12.self_attn.o_proj.weight", whose dimensions in the model are torch.Size([576, 576]) and whose dimensions in the checkpoint are torch.Size([576, 576]), an exception occurred : ('Cannot copy out of meta tensor; no data!',).
	While copying the parameter named "base_model.model.model.layers.12.mlp.gate_proj.weight", whose dimensions in the model are torch.Size([1536, 576]) and whose dimensions in the checkpoint are torch.Size([1536, 576]), an exception occurred : ('Cannot copy out of meta tensor; no data!',).
	While copying the parameter named "base_model.model.model.layers.12.mlp.up_proj.weight", whose dimensions in the model are torch.Size([1536, 576]) and whose dimensions in the checkpoint are torch.Size([1536, 576]), an exception occurred : ('Cannot copy out of meta tensor; no data!',).
	While copying the parameter named "base_model.model.model.layers.12.mlp.down_proj.weight", whose dimensions in the model are torch.Size([576, 1536]) and whose dimensions in the checkpoint are torch.Size([576, 1536]), an exception occurred : ('Cannot copy out of meta tensor; no data!',).
	While copying the parameter named "base_model.model.model.layers.12.input_layernorm.weight", whose dimensions in the model are torch.Size([576]) and whose dimensions in the checkpoint are torch.Size([576]), an exception occurred : ('Cannot copy out of meta tensor; no data!',).
	While copying the parameter named "base_model.model.model.layers.12.post_attention_layernorm.weight", whose dimensions in the model are torch.Size([576]) and whose dimensions in the checkpoint are torch.Size([576]), an exception occurred : ('Cannot copy out of meta tensor; no data!',).
	While copying the parameter named "base_model.model.model.layers.13.self_attn.q_proj.base_layer.weight", whose dimensions in the model are torch.Size([576, 576]) and whose dimensions in the checkpoint are torch.Size([576, 576]), an exception occurred : ('Cannot copy out of meta tensor; no data!',).
	While copying the parameter named "base_model.model.model.layers.13.self_attn.k_proj.weight", whose dimensions in the model are torch.Size([192, 576]) and whose dimensions in the checkpoint are torch.Size([192, 576]), an exception occurred : ('Cannot copy out of meta tensor; no data!',).
	While copying the parameter named "base_model.model.model.layers.13.self_attn.v_proj.base_layer.weight", whose dimensions in the model are torch.Size([192, 576]) and whose dimensions in the checkpoint are torch.Size([192, 576]), an exception occurred : ('Cannot copy out of meta tensor; no data!',).
	While copying the parameter named "base_model.model.model.layers.13.self_attn.o_proj.weight", whose dimensions in the model are torch.Size([576, 576]) and whose dimensions in the checkpoint are torch.Size([576, 576]), an exception occurred : ('Cannot copy out of meta tensor; no data!',).
	While copying the parameter named "base_model.model.model.layers.13.mlp.gate_proj.weight", whose dimensions in the model are torch.Size([1536, 576]) and whose dimensions in the checkpoint are torch.Size([1536, 576]), an exception occurred : ('Cannot copy out of meta tensor; no data!',).
	While copying the parameter named "base_model.model.model.layers.13.mlp.up_proj.weight", whose dimensions in the model are torch.Size([1536, 576]) and whose dimensions in the checkpoint are torch.Size([1536, 576]), an exception occurred : ('Cannot copy out of meta tensor; no data!',).
	While copying the parameter named "base_model.model.model.layers.13.mlp.down_proj.weight", whose dimensions in the model are torch.Size([576, 1536]) and whose dimensions in the checkpoint are torch.Size([576, 1536]), an exception occurred : ('Cannot copy out of meta tensor; no data!',).
	While copying the parameter named "base_model.model.model.layers.13.input_layernorm.weight", whose dimensions in the model are torch.Size([576]) and whose dimensions in the checkpoint are torch.Size([576]), an exception occurred : ('Cannot copy out of meta tensor; no data!',).
	While copying the parameter named "base_model.model.model.layers.13.post_attention_layernorm.weight", whose dimensions in the model are torch.Size([576]) and whose dimensions in the checkpoint are torch.Size([576]), an exception occurred : ('Cannot copy out of meta tensor; no data!',).
	While copying the parameter named "base_model.model.model.layers.14.self_attn.q_proj.base_layer.weight", whose dimensions in the model are torch.Size([576, 576]) and whose dimensions in the checkpoint are torch.Size([576, 576]), an exception occurred : ('Cannot copy out of meta tensor; no data!',).
	While copying the parameter named "base_model.model.model.layers.14.self_attn.k_proj.weight", whose dimensions in the model are torch.Size([192, 576]) and whose dimensions in the checkpoint are torch.Size([192, 576]), an exception occurred : ('Cannot copy out of meta tensor; no data!',).
	While copying the parameter named "base_model.model.model.layers.14.self_attn.v_proj.base_layer.weight", whose dimensions in the model are torch.Size([192, 576]) and whose dimensions in the checkpoint are torch.Size([192, 576]), an exception occurred : ('Cannot copy out of meta tensor; no data!',).
	While copying the parameter named "base_model.model.model.layers.14.self_attn.o_proj.weight", whose dimensions in the model are torch.Size([576, 576]) and whose dimensions in the checkpoint are torch.Size([576, 576]), an exception occurred : ('Cannot copy out of meta tensor; no data!',).
	While copying the parameter named "base_model.model.model.layers.14.mlp.gate_proj.weight", whose dimensions in the model are torch.Size([1536, 576]) and whose dimensions in the checkpoint are torch.Size([1536, 576]), an exception occurred : ('Cannot copy out of meta tensor; no data!',).
	While copying the parameter named "base_model.model.model.layers.14.mlp.up_proj.weight", whose dimensions in the model are torch.Size([1536, 576]) and whose dimensions in the checkpoint are torch.Size([1536, 576]), an exception occurred : ('Cannot copy out of meta tensor; no data!',).
	While copying the parameter named "base_model.model.model.layers.14.mlp.down_proj.weight", whose dimensions in the model are torch.Size([576, 1536]) and whose dimensions in the checkpoint are torch.Size([576, 1536]), an exception occurred : ('Cannot copy out of meta tensor; no data!',).
	While copying the parameter named "base_model.model.model.layers.14.input_layernorm.weight", whose dimensions in the model are torch.Size([576]) and whose dimensions in the checkpoint are torch.Size([576]), an exception occurred : ('Cannot copy out of meta tensor; no data!',).
	While copying the parameter named "base_model.model.model.layers.14.post_attention_layernorm.weight", whose dimensions in the model are torch.Size([576]) and whose dimensions in the checkpoint are torch.Size([576]), an exception occurred : ('Cannot copy out of meta tensor; no data!',).
	While copying the parameter named "base_model.model.model.layers.15.self_attn.q_proj.base_layer.weight", whose dimensions in the model are torch.Size([576, 576]) and whose dimensions in the checkpoint are torch.Size([576, 576]), an exception occurred : ('Cannot copy out of meta tensor; no data!',).
	While copying the parameter named "base_model.model.model.layers.15.self_attn.k_proj.weight", whose dimensions in the model are torch.Size([192, 576]) and whose dimensions in the checkpoint are torch.Size([192, 576]), an exception occurred : ('Cannot copy out of meta tensor; no data!',).
	While copying the parameter named "base_model.model.model.layers.15.self_attn.v_proj.base_layer.weight", whose dimensions in the model are torch.Size([192, 576]) and whose dimensions in the checkpoint are torch.Size([192, 576]), an exception occurred : ('Cannot copy out of meta tensor; no data!',).
	While copying the parameter named "base_model.model.model.layers.15.self_attn.o_proj.weight", whose dimensions in the model are torch.Size([576, 576]) and whose dimensions in the checkpoint are torch.Size([576, 576]), an exception occurred : ('Cannot copy out of meta tensor; no data!',).
	While copying the parameter named "base_model.model.model.layers.15.mlp.gate_proj.weight", whose dimensions in the model are torch.Size([1536, 576]) and whose dimensions in the checkpoint are torch.Size([1536, 576]), an exception occurred : ('Cannot copy out of meta tensor; no data!',).
	While copying the parameter named "base_model.model.model.layers.15.mlp.up_proj.weight", whose dimensions in the model are torch.Size([1536, 576]) and whose dimensions in the checkpoint are torch.Size([1536, 576]), an exception occurred : ('Cannot copy out of meta tensor; no data!',).
	While copying the parameter named "base_model.model.model.layers.15.mlp.down_proj.weight", whose dimensions in the model are torch.Size([576, 1536]) and whose dimensions in the checkpoint are torch.Size([576, 1536]), an exception occurred : ('Cannot copy out of meta tensor; no data!',).
	While copying the parameter named "base_model.model.model.layers.15.input_layernorm.weight", whose dimensions in the model are torch.Size([576]) and whose dimensions in the checkpoint are torch.Size([576]), an exception occurred : ('Cannot copy out of meta tensor; no data!',).
	While copying the parameter named "base_model.model.model.layers.15.post_attention_layernorm.weight", whose dimensions in the model are torch.Size([576]) and whose dimensions in the checkpoint are torch.Size([576]), an exception occurred : ('Cannot copy out of meta tensor; no data!',).
	While copying the parameter named "base_model.model.model.layers.16.self_attn.q_proj.base_layer.weight", whose dimensions in the model are torch.Size([576, 576]) and whose dimensions in the checkpoint are torch.Size([576, 576]), an exception occurred : ('Cannot copy out of meta tensor; no data!',).
	While copying the parameter named "base_model.model.model.layers.16.self_attn.k_proj.weight", whose dimensions in the model are torch.Size([192, 576]) and whose dimensions in the checkpoint are torch.Size([192, 576]), an exception occurred : ('Cannot copy out of meta tensor; no data!',).
	While copying the parameter named "base_model.model.model.layers.16.self_attn.v_proj.base_layer.weight", whose dimensions in the model are torch.Size([192, 576]) and whose dimensions in the checkpoint are torch.Size([192, 576]), an exception occurred : ('Cannot copy out of meta tensor; no data!',).
	While copying the parameter named "base_model.model.model.layers.16.self_attn.o_proj.weight", whose dimensions in the model are torch.Size([576, 576]) and whose dimensions in the checkpoint are torch.Size([576, 576]), an exception occurred : ('Cannot copy out of meta tensor; no data!',).
	While copying the parameter named "base_model.model.model.layers.16.mlp.gate_proj.weight", whose dimensions in the model are torch.Size([1536, 576]) and whose dimensions in the checkpoint are torch.Size([1536, 576]), an exception occurred : ('Cannot copy out of meta tensor; no data!',).
	While copying the parameter named "base_model.model.model.layers.16.mlp.up_proj.weight", whose dimensions in the model are torch.Size([1536, 576]) and whose dimensions in the checkpoint are torch.Size([1536, 576]), an exception occurred : ('Cannot copy out of meta tensor; no data!',).
	While copying the parameter named "base_model.model.model.layers.16.mlp.down_proj.weight", whose dimensions in the model are torch.Size([576, 1536]) and whose dimensions in the checkpoint are torch.Size([576, 1536]), an exception occurred : ('Cannot copy out of meta tensor; no data!',).
	While copying the parameter named "base_model.model.model.layers.16.input_layernorm.weight", whose dimensions in the model are torch.Size([576]) and whose dimensions in the checkpoint are torch.Size([576]), an exception occurred : ('Cannot copy out of meta tensor; no data!',).
	While copying the parameter named "base_model.model.model.layers.16.post_attention_layernorm.weight", whose dimensions in the model are torch.Size([576]) and whose dimensions in the checkpoint are torch.Size([576]), an exception occurred : ('Cannot copy out of meta tensor; no data!',).
	While copying the parameter named "base_model.model.model.layers.17.self_attn.q_proj.base_layer.weight", whose dimensions in the model are torch.Size([576, 576]) and whose dimensions in the checkpoint are torch.Size([576, 576]), an exception occurred : ('Cannot copy out of meta tensor; no data!',).
	While copying the parameter named "base_model.model.model.layers.17.self_attn.k_proj.weight", whose dimensions in the model are torch.Size([192, 576]) and whose dimensions in the checkpoint are torch.Size([192, 576]), an exception occurred : ('Cannot copy out of meta tensor; no data!',).
	While copying the parameter named "base_model.model.model.layers.17.self_attn.v_proj.base_layer.weight", whose dimensions in the model are torch.Size([192, 576]) and whose dimensions in the checkpoint are torch.Size([192, 576]), an exception occurred : ('Cannot copy out of meta tensor; no data!',).
	While copying the parameter named "base_model.model.model.layers.17.self_attn.o_proj.weight", whose dimensions in the model are torch.Size([576, 576]) and whose dimensions in the checkpoint are torch.Size([576, 576]), an exception occurred : ('Cannot copy out of meta tensor; no data!',).
	While copying the parameter named "base_model.model.model.layers.17.mlp.gate_proj.weight", whose dimensions in the model are torch.Size([1536, 576]) and whose dimensions in the checkpoint are torch.Size([1536, 576]), an exception occurred : ('Cannot copy out of meta tensor; no data!',).
	While copying the parameter named "base_model.model.model.layers.17.mlp.up_proj.weight", whose dimensions in the model are torch.Size([1536, 576]) and whose dimensions in the checkpoint are torch.Size([1536, 576]), an exception occurred : ('Cannot copy out of meta tensor; no data!',).
	While copying the parameter named "base_model.model.model.layers.17.mlp.down_proj.weight", whose dimensions in the model are torch.Size([576, 1536]) and whose dimensions in the checkpoint are torch.Size([576, 1536]), an exception occurred : ('Cannot copy out of meta tensor; no data!',).
	While copying the parameter named "base_model.model.model.layers.17.input_layernorm.weight", whose dimensions in the model are torch.Size([576]) and whose dimensions in the checkpoint are torch.Size([576]), an exception occurred : ('Cannot copy out of meta tensor; no data!',).
	While copying the parameter named "base_model.model.model.layers.17.post_attention_layernorm.weight", whose dimensions in the model are torch.Size([576]) and whose dimensions in the checkpoint are torch.Size([576]), an exception occurred : ('Cannot copy out of meta tensor; no data!',).
	While copying the parameter named "base_model.model.model.layers.18.self_attn.q_proj.base_layer.weight", whose dimensions in the model are torch.Size([576, 576]) and whose dimensions in the checkpoint are torch.Size([576, 576]), an exception occurred : ('Cannot copy out of meta tensor; no data!',).
	While copying the parameter named "base_model.model.model.layers.18.self_attn.k_proj.weight", whose dimensions in the model are torch.Size([192, 576]) and whose dimensions in the checkpoint are torch.Size([192, 576]), an exception occurred : ('Cannot copy out of meta tensor; no data!',).
	While copying the parameter named "base_model.model.model.layers.18.self_attn.v_proj.base_layer.weight", whose dimensions in the model are torch.Size([192, 576]) and whose dimensions in the checkpoint are torch.Size([192, 576]), an exception occurred : ('Cannot copy out of meta tensor; no data!',).
	While copying the parameter named "base_model.model.model.layers.18.self_attn.o_proj.weight", whose dimensions in the model are torch.Size([576, 576]) and whose dimensions in the checkpoint are torch.Size([576, 576]), an exception occurred : ('Cannot copy out of meta tensor; no data!',).
	While copying the parameter named "base_model.model.model.layers.18.mlp.gate_proj.weight", whose dimensions in the model are torch.Size([1536, 576]) and whose dimensions in the checkpoint are torch.Size([1536, 576]), an exception occurred : ('Cannot copy out of meta tensor; no data!',).
	While copying the parameter named "base_model.model.model.layers.18.mlp.up_proj.weight", whose dimensions in the model are torch.Size([1536, 576]) and whose dimensions in the checkpoint are torch.Size([1536, 576]), an exception occurred : ('Cannot copy out of meta tensor; no data!',).
	While copying the parameter named "base_model.model.model.layers.18.mlp.down_proj.weight", whose dimensions in the model are torch.Size([576, 1536]) and whose dimensions in the checkpoint are torch.Size([576, 1536]), an exception occurred : ('Cannot copy out of meta tensor; no data!',).
	While copying the parameter named "base_model.model.model.layers.18.input_layernorm.weight", whose dimensions in the model are torch.Size([576]) and whose dimensions in the checkpoint are torch.Size([576]), an exception occurred : ('Cannot copy out of meta tensor; no data!',).
	While copying the parameter named "base_model.model.model.layers.18.post_attention_layernorm.weight", whose dimensions in the model are torch.Size([576]) and whose dimensions in the checkpoint are torch.Size([576]), an exception occurred : ('Cannot copy out of meta tensor; no data!',).
	While copying the parameter named "base_model.model.model.layers.19.self_attn.q_proj.base_layer.weight", whose dimensions in the model are torch.Size([576, 576]) and whose dimensions in the checkpoint are torch.Size([576, 576]), an exception occurred : ('Cannot copy out of meta tensor; no data!',).
	While copying the parameter named "base_model.model.model.layers.19.self_attn.k_proj.weight", whose dimensions in the model are torch.Size([192, 576]) and whose dimensions in the checkpoint are torch.Size([192, 576]), an exception occurred : ('Cannot copy out of meta tensor; no data!',).
	While copying the parameter named "base_model.model.model.layers.19.self_attn.v_proj.base_layer.weight", whose dimensions in the model are torch.Size([192, 576]) and whose dimensions in the checkpoint are torch.Size([192, 576]), an exception occurred : ('Cannot copy out of meta tensor; no data!',).
	While copying the parameter named "base_model.model.model.layers.19.self_attn.o_proj.weight", whose dimensions in the model are torch.Size([576, 576]) and whose dimensions in the checkpoint are torch.Size([576, 576]), an exception occurred : ('Cannot copy out of meta tensor; no data!',).
	While copying the parameter named "base_model.model.model.layers.19.mlp.gate_proj.weight", whose dimensions in the model are torch.Size([1536, 576]) and whose dimensions in the checkpoint are torch.Size([1536, 576]), an exception occurred : ('Cannot copy out of meta tensor; no data!',).
	While copying the parameter named "base_model.model.model.layers.19.mlp.up_proj.weight", whose dimensions in the model are torch.Size([1536, 576]) and whose dimensions in the checkpoint are torch.Size([1536, 576]), an exception occurred : ('Cannot copy out of meta tensor; no data!',).
	While copying the parameter named "base_model.model.model.layers.19.mlp.down_proj.weight", whose dimensions in the model are torch.Size([576, 1536]) and whose dimensions in the checkpoint are torch.Size([576, 1536]), an exception occurred : ('Cannot copy out of meta tensor; no data!',).
	While copying the parameter named "base_model.model.model.layers.19.input_layernorm.weight", whose dimensions in the model are torch.Size([576]) and whose dimensions in the checkpoint are torch.Size([576]), an exception occurred : ('Cannot copy out of meta tensor; no data!',).
	While copying the parameter named "base_model.model.model.layers.19.post_attention_layernorm.weight", whose dimensions in the model are torch.Size([576]) and whose dimensions in the checkpoint are torch.Size([576]), an exception occurred : ('Cannot copy out of meta tensor; no data!',).
	While copying the parameter named "base_model.model.model.layers.20.self_attn.q_proj.base_layer.weight", whose dimensions in the model are torch.Size([576, 576]) and whose dimensions in the checkpoint are torch.Size([576, 576]), an exception occurred : ('Cannot copy out of meta tensor; no data!',).
	While copying the parameter named "base_model.model.model.layers.20.self_attn.k_proj.weight", whose dimensions in the model are torch.Size([192, 576]) and whose dimensions in the checkpoint are torch.Size([192, 576]), an exception occurred : ('Cannot copy out of meta tensor; no data!',).
	While copying the parameter named "base_model.model.model.layers.20.self_attn.v_proj.base_layer.weight", whose dimensions in the model are torch.Size([192, 576]) and whose dimensions in the checkpoint are torch.Size([192, 576]), an exception occurred : ('Cannot copy out of meta tensor; no data!',).
	While copying the parameter named "base_model.model.model.layers.20.self_attn.o_proj.weight", whose dimensions in the model are torch.Size([576, 576]) and whose dimensions in the checkpoint are torch.Size([576, 576]), an exception occurred : ('Cannot copy out of meta tensor; no data!',).
	While copying the parameter named "base_model.model.model.layers.20.mlp.gate_proj.weight", whose dimensions in the model are torch.Size([1536, 576]) and whose dimensions in the checkpoint are torch.Size([1536, 576]), an exception occurred : ('Cannot copy out of meta tensor; no data!',).
	While copying the parameter named "base_model.model.model.layers.20.mlp.up_proj.weight", whose dimensions in the model are torch.Size([1536, 576]) and whose dimensions in the checkpoint are torch.Size([1536, 576]), an exception occurred : ('Cannot copy out of meta tensor; no data!',).
	While copying the parameter named "base_model.model.model.layers.20.mlp.down_proj.weight", whose dimensions in the model are torch.Size([576, 1536]) and whose dimensions in the checkpoint are torch.Size([576, 1536]), an exception occurred : ('Cannot copy out of meta tensor; no data!',).
	While copying the parameter named "base_model.model.model.layers.20.input_layernorm.weight", whose dimensions in the model are torch.Size([576]) and whose dimensions in the checkpoint are torch.Size([576]), an exception occurred : ('Cannot copy out of meta tensor; no data!',).
	While copying the parameter named "base_model.model.model.layers.20.post_attention_layernorm.weight", whose dimensions in the model are torch.Size([576]) and whose dimensions in the checkpoint are torch.Size([576]), an exception occurred : ('Cannot copy out of meta tensor; no data!',).
	While copying the parameter named "base_model.model.model.layers.21.self_attn.q_proj.base_layer.weight", whose dimensions in the model are torch.Size([576, 576]) and whose dimensions in the checkpoint are torch.Size([576, 576]), an exception occurred : ('Cannot copy out of meta tensor; no data!',).
	While copying the parameter named "base_model.model.model.layers.21.self_attn.k_proj.weight", whose dimensions in the model are torch.Size([192, 576]) and whose dimensions in the checkpoint are torch.Size([192, 576]), an exception occurred : ('Cannot copy out of meta tensor; no data!',).
	While copying the parameter named "base_model.model.model.layers.21.self_attn.v_proj.base_layer.weight", whose dimensions in the model are torch.Size([192, 576]) and whose dimensions in the checkpoint are torch.Size([192, 576]), an exception occurred : ('Cannot copy out of meta tensor; no data!',).
	While copying the parameter named "base_model.model.model.layers.21.self_attn.o_proj.weight", whose dimensions in the model are torch.Size([576, 576]) and whose dimensions in the checkpoint are torch.Size([576, 576]), an exception occurred : ('Cannot copy out of meta tensor; no data!',).
	While copying the parameter named "base_model.model.model.layers.21.mlp.gate_proj.weight", whose dimensions in the model are torch.Size([1536, 576]) and whose dimensions in the checkpoint are torch.Size([1536, 576]), an exception occurred : ('Cannot copy out of meta tensor; no data!',).
	While copying the parameter named "base_model.model.model.layers.21.mlp.up_proj.weight", whose dimensions in the model are torch.Size([1536, 576]) and whose dimensions in the checkpoint are torch.Size([1536, 576]), an exception occurred : ('Cannot copy out of meta tensor; no data!',).
	While copying the parameter named "base_model.model.model.layers.21.mlp.down_proj.weight", whose dimensions in the model are torch.Size([576, 1536]) and whose dimensions in the checkpoint are torch.Size([576, 1536]), an exception occurred : ('Cannot copy out of meta tensor; no data!',).
	While copying the parameter named "base_model.model.model.layers.21.input_layernorm.weight", whose dimensions in the model are torch.Size([576]) and whose dimensions in the checkpoint are torch.Size([576]), an exception occurred : ('Cannot copy out of meta tensor; no data!',).
	While copying the parameter named "base_model.model.model.layers.21.post_attention_layernorm.weight", whose dimensions in the model are torch.Size([576]) and whose dimensions in the checkpoint are torch.Size([576]), an exception occurred : ('Cannot copy out of meta tensor; no data!',).
	While copying the parameter named "base_model.model.model.layers.22.self_attn.q_proj.base_layer.weight", whose dimensions in the model are torch.Size([576, 576]) and whose dimensions in the checkpoint are torch.Size([576, 576]), an exception occurred : ('Cannot copy out of meta tensor; no data!',).
	While copying the parameter named "base_model.model.model.layers.22.self_attn.k_proj.weight", whose dimensions in the model are torch.Size([192, 576]) and whose dimensions in the checkpoint are torch.Size([192, 576]), an exception occurred : ('Cannot copy out of meta tensor; no data!',).
	While copying the parameter named "base_model.model.model.layers.22.self_attn.v_proj.base_layer.weight", whose dimensions in the model are torch.Size([192, 576]) and whose dimensions in the checkpoint are torch.Size([192, 576]), an exception occurred : ('Cannot copy out of meta tensor; no data!',).
	While copying the parameter named "base_model.model.model.layers.22.self_attn.o_proj.weight", whose dimensions in the model are torch.Size([576, 576]) and whose dimensions in the checkpoint are torch.Size([576, 576]), an exception occurred : ('Cannot copy out of meta tensor; no data!',).
	While copying the parameter named "base_model.model.model.layers.22.mlp.gate_proj.weight", whose dimensions in the model are torch.Size([1536, 576]) and whose dimensions in the checkpoint are torch.Size([1536, 576]), an exception occurred : ('Cannot copy out of meta tensor; no data!',).
	While copying the parameter named "base_model.model.model.layers.22.mlp.up_proj.weight", whose dimensions in the model are torch.Size([1536, 576]) and whose dimensions in the checkpoint are torch.Size([1536, 576]), an exception occurred : ('Cannot copy out of meta tensor; no data!',).
	While copying the parameter named "base_model.model.model.layers.22.mlp.down_proj.weight", whose dimensions in the model are torch.Size([576, 1536]) and whose dimensions in the checkpoint are torch.Size([576, 1536]), an exception occurred : ('Cannot copy out of meta tensor; no data!',).
	While copying the parameter named "base_model.model.model.layers.22.input_layernorm.weight", whose dimensions in the model are torch.Size([576]) and whose dimensions in the checkpoint are torch.Size([576]), an exception occurred : ('Cannot copy out of meta tensor; no data!',).
	While copying the parameter named "base_model.model.model.layers.22.post_attention_layernorm.weight", whose dimensions in the model are torch.Size([576]) and whose dimensions in the checkpoint are torch.Size([576]), an exception occurred : ('Cannot copy out of meta tensor; no data!',).
	While copying the parameter named "base_model.model.model.layers.23.self_attn.q_proj.base_layer.weight", whose dimensions in the model are torch.Size([576, 576]) and whose dimensions in the checkpoint are torch.Size([576, 576]), an exception occurred : ('Cannot copy out of meta tensor; no data!',).
	While copying the parameter named "base_model.model.model.layers.23.self_attn.k_proj.weight", whose dimensions in the model are torch.Size([192, 576]) and whose dimensions in the checkpoint are torch.Size([192, 576]), an exception occurred : ('Cannot copy out of meta tensor; no data!',).
	While copying the parameter named "base_model.model.model.layers.23.self_attn.v_proj.base_layer.weight", whose dimensions in the model are torch.Size([192, 576]) and whose dimensions in the checkpoint are torch.Size([192, 576]), an exception occurred : ('Cannot copy out of meta tensor; no data!',).
	While copying the parameter named "base_model.model.model.layers.23.self_attn.o_proj.weight", whose dimensions in the model are torch.Size([576, 576]) and whose dimensions in the checkpoint are torch.Size([576, 576]), an exception occurred : ('Cannot copy out of meta tensor; no data!',).
	While copying the parameter named "base_model.model.model.layers.23.mlp.gate_proj.weight", whose dimensions in the model are torch.Size([1536, 576]) and whose dimensions in the checkpoint are torch.Size([1536, 576]), an exception occurred : ('Cannot copy out of meta tensor; no data!',).
	While copying the parameter named "base_model.model.model.layers.23.mlp.up_proj.weight", whose dimensions in the model are torch.Size([1536, 576]) and whose dimensions in the checkpoint are torch.Size([1536, 576]), an exception occurred : ('Cannot copy out of meta tensor; no data!',).
	While copying the parameter named "base_model.model.model.layers.23.mlp.down_proj.weight", whose dimensions in the model are torch.Size([576, 1536]) and whose dimensions in the checkpoint are torch.Size([576, 1536]), an exception occurred : ('Cannot copy out of meta tensor; no data!',).
	While copying the parameter named "base_model.model.model.layers.23.input_layernorm.weight", whose dimensions in the model are torch.Size([576]) and whose dimensions in the checkpoint are torch.Size([576]), an exception occurred : ('Cannot copy out of meta tensor; no data!',).
	While copying the parameter named "base_model.model.model.layers.23.post_attention_layernorm.weight", whose dimensions in the model are torch.Size([576]) and whose dimensions in the checkpoint are torch.Size([576]), an exception occurred : ('Cannot copy out of meta tensor; no data!',).
	While copying the parameter named "base_model.model.model.layers.24.self_attn.q_proj.base_layer.weight", whose dimensions in the model are torch.Size([576, 576]) and whose dimensions in the checkpoint are torch.Size([576, 576]), an exception occurred : ('Cannot copy out of meta tensor; no data!',).
	While copying the parameter named "base_model.model.model.layers.24.self_attn.k_proj.weight", whose dimensions in the model are torch.Size([192, 576]) and whose dimensions in the checkpoint are torch.Size([192, 576]), an exception occurred : ('Cannot copy out of meta tensor; no data!',).
	While copying the parameter named "base_model.model.model.layers.24.self_attn.v_proj.base_layer.weight", whose dimensions in the model are torch.Size([192, 576]) and whose dimensions in the checkpoint are torch.Size([192, 576]), an exception occurred : ('Cannot copy out of meta tensor; no data!',).
	While copying the parameter named "base_model.model.model.layers.24.self_attn.o_proj.weight", whose dimensions in the model are torch.Size([576, 576]) and whose dimensions in the checkpoint are torch.Size([576, 576]), an exception occurred : ('Cannot copy out of meta tensor; no data!',).
	While copying the parameter named "base_model.model.model.layers.24.mlp.gate_proj.weight", whose dimensions in the model are torch.Size([1536, 576]) and whose dimensions in the checkpoint are torch.Size([1536, 576]), an exception occurred : ('Cannot copy out of meta tensor; no data!',).
	While copying the parameter named "base_model.model.model.layers.24.mlp.up_proj.weight", whose dimensions in the model are torch.Size([1536, 576]) and whose dimensions in the checkpoint are torch.Size([1536, 576]), an exception occurred : ('Cannot copy out of meta tensor; no data!',).
	While copying the parameter named "base_model.model.model.layers.24.mlp.down_proj.weight", whose dimensions in the model are torch.Size([576, 1536]) and whose dimensions in the checkpoint are torch.Size([576, 1536]), an exception occurred : ('Cannot copy out of meta tensor; no data!',).
	While copying the parameter named "base_model.model.model.layers.24.input_layernorm.weight", whose dimensions in the model are torch.Size([576]) and whose dimensions in the checkpoint are torch.Size([576]), an exception occurred : ('Cannot copy out of meta tensor; no data!',).
	While copying the parameter named "base_model.model.model.layers.24.post_attention_layernorm.weight", whose dimensions in the model are torch.Size([576]) and whose dimensions in the checkpoint are torch.Size([576]), an exception occurred : ('Cannot copy out of meta tensor; no data!',).
	While copying the parameter named "base_model.model.model.layers.25.self_attn.q_proj.base_layer.weight", whose dimensions in the model are torch.Size([576, 576]) and whose dimensions in the checkpoint are torch.Size([576, 576]), an exception occurred : ('Cannot copy out of meta tensor; no data!',).
	While copying the parameter named "base_model.model.model.layers.25.self_attn.k_proj.weight", whose dimensions in the model are torch.Size([192, 576]) and whose dimensions in the checkpoint are torch.Size([192, 576]), an exception occurred : ('Cannot copy out of meta tensor; no data!',).
	While copying the parameter named "base_model.model.model.layers.25.self_attn.v_proj.base_layer.weight", whose dimensions in the model are torch.Size([192, 576]) and whose dimensions in the checkpoint are torch.Size([192, 576]), an exception occurred : ('Cannot copy out of meta tensor; no data!',).
	While copying the parameter named "base_model.model.model.layers.25.self_attn.o_proj.weight", whose dimensions in the model are torch.Size([576, 576]) and whose dimensions in the checkpoint are torch.Size([576, 576]), an exception occurred : ('Cannot copy out of meta tensor; no data!',).
	While copying the parameter named "base_model.model.model.layers.25.mlp.gate_proj.weight", whose dimensions in the model are torch.Size([1536, 576]) and whose dimensions in the checkpoint are torch.Size([1536, 576]), an exception occurred : ('Cannot copy out of meta tensor; no data!',).
	While copying the parameter named "base_model.model.model.layers.25.mlp.up_proj.weight", whose dimensions in the model are torch.Size([1536, 576]) and whose dimensions in the checkpoint are torch.Size([1536, 576]), an exception occurred : ('Cannot copy out of meta tensor; no data!',).
	While copying the parameter named "base_model.model.model.layers.25.mlp.down_proj.weight", whose dimensions in the model are torch.Size([576, 1536]) and whose dimensions in the checkpoint are torch.Size([576, 1536]), an exception occurred : ('Cannot copy out of meta tensor; no data!',).
	While copying the parameter named "base_model.model.model.layers.25.input_layernorm.weight", whose dimensions in the model are torch.Size([576]) and whose dimensions in the checkpoint are torch.Size([576]), an exception occurred : ('Cannot copy out of meta tensor; no data!',).
	While copying the parameter named "base_model.model.model.layers.25.post_attention_layernorm.weight", whose dimensions in the model are torch.Size([576]) and whose dimensions in the checkpoint are torch.Size([576]), an exception occurred : ('Cannot copy out of meta tensor; no data!',).
	While copying the parameter named "base_model.model.model.layers.26.self_attn.q_proj.base_layer.weight", whose dimensions in the model are torch.Size([576, 576]) and whose dimensions in the checkpoint are torch.Size([576, 576]), an exception occurred : ('Cannot copy out of meta tensor; no data!',).
	While copying the parameter named "base_model.model.model.layers.26.self_attn.k_proj.weight", whose dimensions in the model are torch.Size([192, 576]) and whose dimensions in the checkpoint are torch.Size([192, 576]), an exception occurred : ('Cannot copy out of meta tensor; no data!',).
	While copying the parameter named "base_model.model.model.layers.26.self_attn.v_proj.base_layer.weight", whose dimensions in the model are torch.Size([192, 576]) and whose dimensions in the checkpoint are torch.Size([192, 576]), an exception occurred : ('Cannot copy out of meta tensor; no data!',).
	While copying the parameter named "base_model.model.model.layers.26.self_attn.o_proj.weight", whose dimensions in the model are torch.Size([576, 576]) and whose dimensions in the checkpoint are torch.Size([576, 576]), an exception occurred : ('Cannot copy out of meta tensor; no data!',).
	While copying the parameter named "base_model.model.model.layers.26.mlp.gate_proj.weight", whose dimensions in the model are torch.Size([1536, 576]) and whose dimensions in the checkpoint are torch.Size([1536, 576]), an exception occurred : ('Cannot copy out of meta tensor; no data!',).
	While copying the parameter named "base_model.model.model.layers.26.mlp.up_proj.weight", whose dimensions in the model are torch.Size([1536, 576]) and whose dimensions in the checkpoint are torch.Size([1536, 576]), an exception occurred : ('Cannot copy out of meta tensor; no data!',).
	While copying the parameter named "base_model.model.model.layers.26.mlp.down_proj.weight", whose dimensions in the model are torch.Size([576, 1536]) and whose dimensions in the checkpoint are torch.Size([576, 1536]), an exception occurred : ('Cannot copy out of meta tensor; no data!',).
	While copying the parameter named "base_model.model.model.layers.26.input_layernorm.weight", whose dimensions in the model are torch.Size([576]) and whose dimensions in the checkpoint are torch.Size([576]), an exception occurred : ('Cannot copy out of meta tensor; no data!',).
	While copying the parameter named "base_model.model.model.layers.26.post_attention_layernorm.weight", whose dimensions in the model are torch.Size([576]) and whose dimensions in the checkpoint are torch.Size([576]), an exception occurred : ('Cannot copy out of meta tensor; no data!',).
	While copying the parameter named "base_model.model.model.layers.27.self_attn.q_proj.base_layer.weight", whose dimensions in the model are torch.Size([576, 576]) and whose dimensions in the checkpoint are torch.Size([576, 576]), an exception occurred : ('Cannot copy out of meta tensor; no data!',).
	While copying the parameter named "base_model.model.model.layers.27.self_attn.k_proj.weight", whose dimensions in the model are torch.Size([192, 576]) and whose dimensions in the checkpoint are torch.Size([192, 576]), an exception occurred : ('Cannot copy out of meta tensor; no data!',).
	While copying the parameter named "base_model.model.model.layers.27.self_attn.v_proj.base_layer.weight", whose dimensions in the model are torch.Size([192, 576]) and whose dimensions in the checkpoint are torch.Size([192, 576]), an exception occurred : ('Cannot copy out of meta tensor; no data!',).
	While copying the parameter named "base_model.model.model.layers.27.self_attn.o_proj.weight", whose dimensions in the model are torch.Size([576, 576]) and whose dimensions in the checkpoint are torch.Size([576, 576]), an exception occurred : ('Cannot copy out of meta tensor; no data!',).
	While copying the parameter named "base_model.model.model.layers.27.mlp.gate_proj.weight", whose dimensions in the model are torch.Size([1536, 576]) and whose dimensions in the checkpoint are torch.Size([1536, 576]), an exception occurred : ('Cannot copy out of meta tensor; no data!',).
	While copying the parameter named "base_model.model.model.layers.27.mlp.up_proj.weight", whose dimensions in the model are torch.Size([1536, 576]) and whose dimensions in the checkpoint are torch.Size([1536, 576]), an exception occurred : ('Cannot copy out of meta tensor; no data!',).
	While copying the parameter named "base_model.model.model.layers.27.mlp.down_proj.weight", whose dimensions in the model are torch.Size([576, 1536]) and whose dimensions in the checkpoint are torch.Size([576, 1536]), an exception occurred : ('Cannot copy out of meta tensor; no data!',).
	While copying the parameter named "base_model.model.model.layers.27.input_layernorm.weight", whose dimensions in the model are torch.Size([576]) and whose dimensions in the checkpoint are torch.Size([576]), an exception occurred : ('Cannot copy out of meta tensor; no data!',).
	While copying the parameter named "base_model.model.model.layers.27.post_attention_layernorm.weight", whose dimensions in the model are torch.Size([576]) and whose dimensions in the checkpoint are torch.Size([576]), an exception occurred : ('Cannot copy out of meta tensor; no data!',).
	While copying the parameter named "base_model.model.model.layers.28.self_attn.q_proj.base_layer.weight", whose dimensions in the model are torch.Size([576, 576]) and whose dimensions in the checkpoint are torch.Size([576, 576]), an exception occurred : ('Cannot copy out of meta tensor; no data!',).
	While copying the parameter named "base_model.model.model.layers.28.self_attn.k_proj.weight", whose dimensions in the model are torch.Size([192, 576]) and whose dimensions in the checkpoint are torch.Size([192, 576]), an exception occurred : ('Cannot copy out of meta tensor; no data!',).
	While copying the parameter named "base_model.model.model.layers.28.self_attn.v_proj.base_layer.weight", whose dimensions in the model are torch.Size([192, 576]) and whose dimensions in the checkpoint are torch.Size([192, 576]), an exception occurred : ('Cannot copy out of meta tensor; no data!',).
	While copying the parameter named "base_model.model.model.layers.28.self_attn.o_proj.weight", whose dimensions in the model are torch.Size([576, 576]) and whose dimensions in the checkpoint are torch.Size([576, 576]), an exception occurred : ('Cannot copy out of meta tensor; no data!',).
	While copying the parameter named "base_model.model.model.layers.28.mlp.gate_proj.weight", whose dimensions in the model are torch.Size([1536, 576]) and whose dimensions in the checkpoint are torch.Size([1536, 576]), an exception occurred : ('Cannot copy out of meta tensor; no data!',).
	While copying the parameter named "base_model.model.model.layers.28.mlp.up_proj.weight", whose dimensions in the model are torch.Size([1536, 576]) and whose dimensions in the checkpoint are torch.Size([1536, 576]), an exception occurred : ('Cannot copy out of meta tensor; no data!',).
	While copying the parameter named "base_model.model.model.layers.28.mlp.down_proj.weight", whose dimensions in the model are torch.Size([576, 1536]) and whose dimensions in the checkpoint are torch.Size([576, 1536]), an exception occurred : ('Cannot copy out of meta tensor; no data!',).
	While copying the parameter named "base_model.model.model.layers.28.input_layernorm.weight", whose dimensions in the model are torch.Size([576]) and whose dimensions in the checkpoint are torch.Size([576]), an exception occurred : ('Cannot copy out of meta tensor; no data!',).
	While copying the parameter named "base_model.model.model.layers.28.post_attention_layernorm.weight", whose dimensions in the model are torch.Size([576]) and whose dimensions in the checkpoint are torch.Size([576]), an exception occurred : ('Cannot copy out of meta tensor; no data!',).
	While copying the parameter named "base_model.model.model.layers.29.self_attn.q_proj.base_layer.weight", whose dimensions in the model are torch.Size([576, 576]) and whose dimensions in the checkpoint are torch.Size([576, 576]), an exception occurred : ('Cannot copy out of meta tensor; no data!',).
	While copying the parameter named "base_model.model.model.layers.29.self_attn.k_proj.weight", whose dimensions in the model are torch.Size([192, 576]) and whose dimensions in the checkpoint are torch.Size([192, 576]), an exception occurred : ('Cannot copy out of meta tensor; no data!',).
	While copying the parameter named "base_model.model.model.layers.29.self_attn.v_proj.base_layer.weight", whose dimensions in the model are torch.Size([192, 576]) and whose dimensions in the checkpoint are torch.Size([192, 576]), an exception occurred : ('Cannot copy out of meta tensor; no data!',).
	While copying the parameter named "base_model.model.model.layers.29.self_attn.o_proj.weight", whose dimensions in the model are torch.Size([576, 576]) and whose dimensions in the checkpoint are torch.Size([576, 576]), an exception occurred : ('Cannot copy out of meta tensor; no data!',).
	While copying the parameter named "base_model.model.model.layers.29.mlp.gate_proj.weight", whose dimensions in the model are torch.Size([1536, 576]) and whose dimensions in the checkpoint are torch.Size([1536, 576]), an exception occurred : ('Cannot copy out of meta tensor; no data!',).
	While copying the parameter named "base_model.model.model.layers.29.mlp.up_proj.weight", whose dimensions in the model are torch.Size([1536, 576]) and whose dimensions in the checkpoint are torch.Size([1536, 576]), an exception occurred : ('Cannot copy out of meta tensor; no data!',).
	While copying the parameter named "base_model.model.model.layers.29.mlp.down_proj.weight", whose dimensions in the model are torch.Size([576, 1536]) and whose dimensions in the checkpoint are torch.Size([576, 1536]), an exception occurred : ('Cannot copy out of meta tensor; no data!',).
	While copying the parameter named "base_model.model.model.layers.29.input_layernorm.weight", whose dimensions in the model are torch.Size([576]) and whose dimensions in the checkpoint are torch.Size([576]), an exception occurred : ('Cannot copy out of meta tensor; no data!',).
	While copying the parameter named "base_model.model.model.layers.29.post_attention_layernorm.weight", whose dimensions in the model are torch.Size([576]) and whose dimensions in the checkpoint are torch.Size([576]), an exception occurred : ('Cannot copy out of meta tensor; no data!',).
